Archive member included to satisfy reference by file (symbol)

/usr/lib/gcc/arm-none-eabi/4.9.3/../../../arm-none-eabi/lib/armv7e-m/fpu/libg.a(lib_a-atexit.o)
                              /usr/lib/gcc/arm-none-eabi/4.9.3/../../../arm-none-eabi/lib/armv7e-m/fpu/crt0.o (atexit)
/usr/lib/gcc/arm-none-eabi/4.9.3/../../../arm-none-eabi/lib/armv7e-m/fpu/libg.a(lib_a-exit.o)
                              /usr/lib/gcc/arm-none-eabi/4.9.3/../../../arm-none-eabi/lib/armv7e-m/fpu/crt0.o (exit)
/usr/lib/gcc/arm-none-eabi/4.9.3/../../../arm-none-eabi/lib/armv7e-m/fpu/libg.a(lib_a-fini.o)
                              /usr/lib/gcc/arm-none-eabi/4.9.3/../../../arm-none-eabi/lib/armv7e-m/fpu/crt0.o (__libc_fini_array)
/usr/lib/gcc/arm-none-eabi/4.9.3/../../../arm-none-eabi/lib/armv7e-m/fpu/libg.a(lib_a-impure.o)
                              /usr/lib/gcc/arm-none-eabi/4.9.3/../../../arm-none-eabi/lib/armv7e-m/fpu/libg.a(lib_a-exit.o) (_global_impure_ptr)
/usr/lib/gcc/arm-none-eabi/4.9.3/../../../arm-none-eabi/lib/armv7e-m/fpu/libg.a(lib_a-init.o)
                              /usr/lib/gcc/arm-none-eabi/4.9.3/../../../arm-none-eabi/lib/armv7e-m/fpu/crt0.o (__libc_init_array)
/usr/lib/gcc/arm-none-eabi/4.9.3/../../../arm-none-eabi/lib/armv7e-m/fpu/libg.a(lib_a-malloc.o)
                              main.o (malloc)
/usr/lib/gcc/arm-none-eabi/4.9.3/../../../arm-none-eabi/lib/armv7e-m/fpu/libg.a(lib_a-mallocr.o)
                              /usr/lib/gcc/arm-none-eabi/4.9.3/../../../arm-none-eabi/lib/armv7e-m/fpu/libg.a(lib_a-malloc.o) (_malloc_r)
/usr/lib/gcc/arm-none-eabi/4.9.3/../../../arm-none-eabi/lib/armv7e-m/fpu/libg.a(lib_a-memset.o)
                              /usr/lib/gcc/arm-none-eabi/4.9.3/../../../arm-none-eabi/lib/armv7e-m/fpu/crt0.o (memset)
/usr/lib/gcc/arm-none-eabi/4.9.3/../../../arm-none-eabi/lib/armv7e-m/fpu/libg.a(lib_a-mlock.o)
                              /usr/lib/gcc/arm-none-eabi/4.9.3/../../../arm-none-eabi/lib/armv7e-m/fpu/libg.a(lib_a-mallocr.o) (__malloc_lock)
/usr/lib/gcc/arm-none-eabi/4.9.3/../../../arm-none-eabi/lib/armv7e-m/fpu/libg.a(lib_a-sbrkr.o)
                              /usr/lib/gcc/arm-none-eabi/4.9.3/../../../arm-none-eabi/lib/armv7e-m/fpu/libg.a(lib_a-mallocr.o) (_sbrk_r)
/usr/lib/gcc/arm-none-eabi/4.9.3/../../../arm-none-eabi/lib/armv7e-m/fpu/libg.a(lib_a-__atexit.o)
                              /usr/lib/gcc/arm-none-eabi/4.9.3/../../../arm-none-eabi/lib/armv7e-m/fpu/libg.a(lib_a-atexit.o) (__register_exitproc)
/usr/lib/gcc/arm-none-eabi/4.9.3/../../../arm-none-eabi/lib/armv7e-m/fpu/libg.a(lib_a-__call_atexit.o)
                              /usr/lib/gcc/arm-none-eabi/4.9.3/../../../arm-none-eabi/lib/armv7e-m/fpu/libg.a(lib_a-exit.o) (__call_exitprocs)
/usr/lib/gcc/arm-none-eabi/4.9.3/../../../arm-none-eabi/lib/armv7e-m/fpu/libg.a(lib_a-freer.o)
                              /usr/lib/gcc/arm-none-eabi/4.9.3/../../../arm-none-eabi/lib/armv7e-m/fpu/libg.a(lib_a-malloc.o) (_free_r)
/usr/lib/gcc/arm-none-eabi/4.9.3/../../../arm-none-eabi/lib/armv7e-m/fpu/libg.a(lib_a-reent.o)
                              /usr/lib/gcc/arm-none-eabi/4.9.3/../../../arm-none-eabi/lib/armv7e-m/fpu/libg.a(lib_a-sbrkr.o) (errno)
/usr/lib/gcc/arm-none-eabi/4.9.3/../../../arm-none-eabi/lib/armv7e-m/fpu/libnosys.a(sbrk.o)
                              /usr/lib/gcc/arm-none-eabi/4.9.3/../../../arm-none-eabi/lib/armv7e-m/fpu/libg.a(lib_a-sbrkr.o) (_sbrk)
/usr/lib/gcc/arm-none-eabi/4.9.3/../../../arm-none-eabi/lib/armv7e-m/fpu/libnosys.a(_exit.o)
                              /usr/lib/gcc/arm-none-eabi/4.9.3/../../../arm-none-eabi/lib/armv7e-m/fpu/libg.a(lib_a-exit.o) (_exit)

Allocating common symbols
Common symbol       size              file

errno               0x4               /usr/lib/gcc/arm-none-eabi/4.9.3/../../../arm-none-eabi/lib/armv7e-m/fpu/libg.a(lib_a-reent.o)

Memory Configuration

Name             Origin             Length             Attributes
MAIN_FLASH       0x0000000000000000 0x0000000000040000 xr
INFO_FLASH       0x0000000000200000 0x0000000000004000 xr
SRAM_CODE        0x0000000001000000 0x0000000000010000 xrw
SRAM_DATA        0x0000000020000000 0x0000000000010000 rw
*default*        0x0000000000000000 0xffffffffffffffff

Linker script and memory map

LOAD /usr/lib/gcc/arm-none-eabi/4.9.3/armv7e-m/fpu/crti.o
LOAD /usr/lib/gcc/arm-none-eabi/4.9.3/armv7e-m/fpu/crtbegin.o
LOAD /usr/lib/gcc/arm-none-eabi/4.9.3/../../../arm-none-eabi/lib/armv7e-m/fpu/crt0.o
LOAD misc.o
LOAD main.o
START GROUP
LOAD /usr/lib/gcc/arm-none-eabi/4.9.3/armv7e-m/fpu/libgcc.a
LOAD /usr/lib/gcc/arm-none-eabi/4.9.3/../../../arm-none-eabi/lib/armv7e-m/fpu/libg.a
LOAD /usr/lib/gcc/arm-none-eabi/4.9.3/../../../arm-none-eabi/lib/armv7e-m/fpu/libc.a
END GROUP
START GROUP
LOAD /usr/lib/gcc/arm-none-eabi/4.9.3/armv7e-m/fpu/libgcc.a
LOAD /usr/lib/gcc/arm-none-eabi/4.9.3/../../../arm-none-eabi/lib/armv7e-m/fpu/libc.a
LOAD /usr/lib/gcc/arm-none-eabi/4.9.3/../../../arm-none-eabi/lib/armv7e-m/fpu/libnosys.a
END GROUP
LOAD /usr/lib/gcc/arm-none-eabi/4.9.3/armv7e-m/fpu/crtend.o
LOAD /usr/lib/gcc/arm-none-eabi/4.9.3/armv7e-m/fpu/crtn.o
                0x0000000000000000                PROVIDE (_intvecs_base_address, DEFINED (_intvecs_base_address)?_intvecs_base_address:0x0)

.intvecs
 *(.intvecs)
                0x0000000000200000                PROVIDE (_mailbox_base_address, 0x200000)

.flashMailbox
 *(.flashMailbox)
                0x0000000000201000                PROVIDE (_tlv_base_address, 0x201000)

.tlvTable
 *(.tlvTable)
                0x0000000000202000                PROVIDE (_bsl_base_address, 0x202000)

.bslArea
 *(.bslArea)
                0x0000000020000000                PROVIDE (_vtable_base_address, DEFINED (_vtable_base_address)?_vtable_base_address:0x20000000)

.vtable
 *(.vtable)

.text           0x0000000000000000      0xd4c
 CREATE_OBJECT_SYMBOLS
 *(.text)
 .text          0x0000000000000000        0x0 /usr/lib/gcc/arm-none-eabi/4.9.3/armv7e-m/fpu/crti.o
 .text          0x0000000000000000       0xa4 /usr/lib/gcc/arm-none-eabi/4.9.3/armv7e-m/fpu/crtbegin.o
 .text          0x00000000000000a4       0x68 /usr/lib/gcc/arm-none-eabi/4.9.3/../../../arm-none-eabi/lib/armv7e-m/fpu/crt0.o
                0x00000000000000a4                _mainCRTStartup
                0x00000000000000a4                _start
 .text          0x000000000000010c       0x74 misc.o
                0x000000000000010c                func
 .text          0x0000000000000180       0x58 main.o
                0x0000000000000180                main
 .text          0x00000000000001d8        0x0 /usr/lib/gcc/arm-none-eabi/4.9.3/../../../arm-none-eabi/lib/armv7e-m/fpu/libg.a(lib_a-atexit.o)
 .text          0x00000000000001d8        0x0 /usr/lib/gcc/arm-none-eabi/4.9.3/../../../arm-none-eabi/lib/armv7e-m/fpu/libg.a(lib_a-exit.o)
 .text          0x00000000000001d8        0x0 /usr/lib/gcc/arm-none-eabi/4.9.3/../../../arm-none-eabi/lib/armv7e-m/fpu/libg.a(lib_a-fini.o)
 .text          0x00000000000001d8        0x0 /usr/lib/gcc/arm-none-eabi/4.9.3/../../../arm-none-eabi/lib/armv7e-m/fpu/libg.a(lib_a-impure.o)
 .text          0x00000000000001d8        0x0 /usr/lib/gcc/arm-none-eabi/4.9.3/../../../arm-none-eabi/lib/armv7e-m/fpu/libg.a(lib_a-init.o)
 .text          0x00000000000001d8        0x0 /usr/lib/gcc/arm-none-eabi/4.9.3/../../../arm-none-eabi/lib/armv7e-m/fpu/libg.a(lib_a-malloc.o)
 .text          0x00000000000001d8        0x0 /usr/lib/gcc/arm-none-eabi/4.9.3/../../../arm-none-eabi/lib/armv7e-m/fpu/libg.a(lib_a-mallocr.o)
 .text          0x00000000000001d8        0x0 /usr/lib/gcc/arm-none-eabi/4.9.3/../../../arm-none-eabi/lib/armv7e-m/fpu/libg.a(lib_a-memset.o)
 .text          0x00000000000001d8        0x0 /usr/lib/gcc/arm-none-eabi/4.9.3/../../../arm-none-eabi/lib/armv7e-m/fpu/libg.a(lib_a-mlock.o)
 .text          0x00000000000001d8        0x0 /usr/lib/gcc/arm-none-eabi/4.9.3/../../../arm-none-eabi/lib/armv7e-m/fpu/libg.a(lib_a-sbrkr.o)
 .text          0x00000000000001d8        0x0 /usr/lib/gcc/arm-none-eabi/4.9.3/../../../arm-none-eabi/lib/armv7e-m/fpu/libg.a(lib_a-__atexit.o)
 .text          0x00000000000001d8        0x0 /usr/lib/gcc/arm-none-eabi/4.9.3/../../../arm-none-eabi/lib/armv7e-m/fpu/libg.a(lib_a-__call_atexit.o)
 .text          0x00000000000001d8        0x0 /usr/lib/gcc/arm-none-eabi/4.9.3/../../../arm-none-eabi/lib/armv7e-m/fpu/libg.a(lib_a-freer.o)
 .text          0x00000000000001d8        0x0 /usr/lib/gcc/arm-none-eabi/4.9.3/../../../arm-none-eabi/lib/armv7e-m/fpu/libg.a(lib_a-reent.o)
 .text          0x00000000000001d8        0x0 /usr/lib/gcc/arm-none-eabi/4.9.3/../../../arm-none-eabi/lib/armv7e-m/fpu/libnosys.a(sbrk.o)
 .text          0x00000000000001d8        0x0 /usr/lib/gcc/arm-none-eabi/4.9.3/../../../arm-none-eabi/lib/armv7e-m/fpu/libnosys.a(_exit.o)
 .text          0x00000000000001d8        0x0 /usr/lib/gcc/arm-none-eabi/4.9.3/armv7e-m/fpu/crtend.o
 .text          0x00000000000001d8        0x0 /usr/lib/gcc/arm-none-eabi/4.9.3/armv7e-m/fpu/crtn.o
 *(.text.*)
 .text.atexit   0x00000000000001d8        0xc /usr/lib/gcc/arm-none-eabi/4.9.3/../../../arm-none-eabi/lib/armv7e-m/fpu/libg.a(lib_a-atexit.o)
                0x00000000000001d8                atexit
 .text.exit     0x00000000000001e4       0x20 /usr/lib/gcc/arm-none-eabi/4.9.3/../../../arm-none-eabi/lib/armv7e-m/fpu/libg.a(lib_a-exit.o)
                0x00000000000001e4                exit
 .text.__libc_fini_array
                0x0000000000000204       0x2c /usr/lib/gcc/arm-none-eabi/4.9.3/../../../arm-none-eabi/lib/armv7e-m/fpu/libg.a(lib_a-fini.o)
                0x0000000000000204                __libc_fini_array
 .text.__libc_init_array
                0x0000000000000230       0x50 /usr/lib/gcc/arm-none-eabi/4.9.3/../../../arm-none-eabi/lib/armv7e-m/fpu/libg.a(lib_a-init.o)
                0x0000000000000230                __libc_init_array
 .text.malloc   0x0000000000000280       0x10 /usr/lib/gcc/arm-none-eabi/4.9.3/../../../arm-none-eabi/lib/armv7e-m/fpu/libg.a(lib_a-malloc.o)
                0x0000000000000280                malloc
 .text.free     0x0000000000000290       0x10 /usr/lib/gcc/arm-none-eabi/4.9.3/../../../arm-none-eabi/lib/armv7e-m/fpu/libg.a(lib_a-malloc.o)
                0x0000000000000290                free
 .text._malloc_r
                0x00000000000002a0      0x524 /usr/lib/gcc/arm-none-eabi/4.9.3/../../../arm-none-eabi/lib/armv7e-m/fpu/libg.a(lib_a-mallocr.o)
                0x00000000000002a0                _malloc_r
 .text.memset   0x00000000000007c4       0x9c /usr/lib/gcc/arm-none-eabi/4.9.3/../../../arm-none-eabi/lib/armv7e-m/fpu/libg.a(lib_a-memset.o)
                0x00000000000007c4                memset
 .text.__malloc_lock
                0x0000000000000860        0x4 /usr/lib/gcc/arm-none-eabi/4.9.3/../../../arm-none-eabi/lib/armv7e-m/fpu/libg.a(lib_a-mlock.o)
                0x0000000000000860                __malloc_lock
 .text.__malloc_unlock
                0x0000000000000864        0x4 /usr/lib/gcc/arm-none-eabi/4.9.3/../../../arm-none-eabi/lib/armv7e-m/fpu/libg.a(lib_a-mlock.o)
                0x0000000000000864                __malloc_unlock
 .text._sbrk_r  0x0000000000000868       0x24 /usr/lib/gcc/arm-none-eabi/4.9.3/../../../arm-none-eabi/lib/armv7e-m/fpu/libg.a(lib_a-sbrkr.o)
                0x0000000000000868                _sbrk_r
 .text.__register_exitproc
                0x000000000000088c       0xa4 /usr/lib/gcc/arm-none-eabi/4.9.3/../../../arm-none-eabi/lib/armv7e-m/fpu/libg.a(lib_a-__atexit.o)
                0x000000000000088c                __register_exitproc
 .text.startup.register_fini
                0x0000000000000930       0x14 /usr/lib/gcc/arm-none-eabi/4.9.3/../../../arm-none-eabi/lib/armv7e-m/fpu/libg.a(lib_a-__call_atexit.o)
 .text.__call_exitprocs
                0x0000000000000944       0xd4 /usr/lib/gcc/arm-none-eabi/4.9.3/../../../arm-none-eabi/lib/armv7e-m/fpu/libg.a(lib_a-__call_atexit.o)
                0x0000000000000944                __call_exitprocs
 .text._malloc_trim_r
                0x0000000000000a18       0x9c /usr/lib/gcc/arm-none-eabi/4.9.3/../../../arm-none-eabi/lib/armv7e-m/fpu/libg.a(lib_a-freer.o)
                0x0000000000000a18                _malloc_trim_r
 .text._free_r  0x0000000000000ab4      0x1b0 /usr/lib/gcc/arm-none-eabi/4.9.3/../../../arm-none-eabi/lib/armv7e-m/fpu/libg.a(lib_a-freer.o)
                0x0000000000000ab4                _free_r
 .text.cleanup_glue
                0x0000000000000c64       0x1c /usr/lib/gcc/arm-none-eabi/4.9.3/../../../arm-none-eabi/lib/armv7e-m/fpu/libg.a(lib_a-reent.o)
                0x0000000000000c64                cleanup_glue
 .text._reclaim_reent
                0x0000000000000c80       0x88 /usr/lib/gcc/arm-none-eabi/4.9.3/../../../arm-none-eabi/lib/armv7e-m/fpu/libg.a(lib_a-reent.o)
                0x0000000000000c80                _reclaim_reent
 .text._sbrk    0x0000000000000d08       0x1c /usr/lib/gcc/arm-none-eabi/4.9.3/../../../arm-none-eabi/lib/armv7e-m/fpu/libnosys.a(sbrk.o)
                0x0000000000000d08                _sbrk
 .text._exit    0x0000000000000d24        0x4 /usr/lib/gcc/arm-none-eabi/4.9.3/../../../arm-none-eabi/lib/armv7e-m/fpu/libnosys.a(_exit.o)
                0x0000000000000d24                _exit
                0x0000000000000d28                . = ALIGN (0x4)
 *(.ctors)
                0x0000000000000d28                . = ALIGN (0x4)
 *(.dtors)
                0x0000000000000d28                . = ALIGN (0x4)
                0x0000000000000d28                __init_array_start = .
 *(.init_array*)
 .init_array    0x0000000000000d28        0x4 /usr/lib/gcc/arm-none-eabi/4.9.3/armv7e-m/fpu/crtbegin.o
 .init_array.00000
                0x0000000000000d2c        0x4 /usr/lib/gcc/arm-none-eabi/4.9.3/../../../arm-none-eabi/lib/armv7e-m/fpu/libg.a(lib_a-__call_atexit.o)
                0x0000000000000d30                __init_array_end = .
 *(.init)
 .init          0x0000000000000d30        0x4 /usr/lib/gcc/arm-none-eabi/4.9.3/armv7e-m/fpu/crti.o
                0x0000000000000d30                _init
 .init          0x0000000000000d34        0x8 /usr/lib/gcc/arm-none-eabi/4.9.3/armv7e-m/fpu/crtn.o
 *(.fini*)
 .fini          0x0000000000000d3c        0x4 /usr/lib/gcc/arm-none-eabi/4.9.3/armv7e-m/fpu/crti.o
                0x0000000000000d3c                _fini
 .fini_array    0x0000000000000d40        0x4 /usr/lib/gcc/arm-none-eabi/4.9.3/armv7e-m/fpu/crtbegin.o
 .fini          0x0000000000000d44        0x8 /usr/lib/gcc/arm-none-eabi/4.9.3/armv7e-m/fpu/crtn.o

.glue_7         0x0000000000000d4c        0x0
 .glue_7        0x0000000000000d4c        0x0 linker stubs

.glue_7t        0x0000000000000d4c        0x0
 .glue_7t       0x0000000000000d4c        0x0 linker stubs

.vfp11_veneer   0x0000000000000d4c        0x0
 .vfp11_veneer  0x0000000000000d4c        0x0 linker stubs

.v4_bx          0x0000000000000d4c        0x0
 .v4_bx         0x0000000000000d4c        0x0 linker stubs

.iplt           0x0000000000000d4c        0x0
 .iplt          0x0000000000000d4c        0x0 /usr/lib/gcc/arm-none-eabi/4.9.3/armv7e-m/fpu/crtbegin.o

.rodata         0x0000000000000d4c       0x1c
 *(.rodata)
 .rodata        0x0000000000000d4c        0xe misc.o
 *fill*         0x0000000000000d5a        0x2 
 .rodata        0x0000000000000d5c        0x4 main.o
                0x0000000000000d5c                g2
 *(.rodata.*)
 .rodata.str1.4
                0x0000000000000d60        0x4 /usr/lib/gcc/arm-none-eabi/4.9.3/../../../arm-none-eabi/lib/armv7e-m/fpu/libg.a(lib_a-impure.o)
 .rodata._global_impure_ptr
                0x0000000000000d64        0x4 /usr/lib/gcc/arm-none-eabi/4.9.3/../../../arm-none-eabi/lib/armv7e-m/fpu/libg.a(lib_a-impure.o)
                0x0000000000000d64                _global_impure_ptr

.eh_frame       0x0000000000000d68        0x4
 .eh_frame      0x0000000000000d68        0x0 /usr/lib/gcc/arm-none-eabi/4.9.3/armv7e-m/fpu/crtbegin.o
 .eh_frame      0x0000000000000d68        0x4 /usr/lib/gcc/arm-none-eabi/4.9.3/armv7e-m/fpu/crtend.o

.ARM.exidx      0x0000000000000d6c        0x8
                0x0000000000000d6c                __exidx_start = .
 *(.ARM.exidx* .gnu.linkonce.armexidx.*)
 .ARM.exidx     0x0000000000000d6c        0x8 /usr/lib/gcc/arm-none-eabi/4.9.3/../../../arm-none-eabi/lib/armv7e-m/fpu/crt0.o
                0x0000000000000d74                __exidx_end = .

.ARM.extab      0x0000000000000d74        0x0
 *(.ARM.extab* .gnu.linkonce.armextab.*)
 .ARM.extab     0x0000000000000d74        0x0 /usr/lib/gcc/arm-none-eabi/4.9.3/../../../arm-none-eabi/lib/armv7e-m/fpu/crt0.o
                0x0000000000000d74                __etext = .

.rel.dyn        0x0000000000000d74        0x0
 .rel.iplt      0x0000000000000d74        0x0 /usr/lib/gcc/arm-none-eabi/4.9.3/armv7e-m/fpu/crtbegin.o

.data           0x0000000020000000      0x86c load address 0x0000000000000d74
                0x0000000000000d74                __data_load__ = LOADADDR (.data)
                0x0000000020000000                __data_start__ = .
 *(.data)
 .data          0x0000000020000000        0x0 /usr/lib/gcc/arm-none-eabi/4.9.3/armv7e-m/fpu/crti.o
 .data          0x0000000020000000        0x4 /usr/lib/gcc/arm-none-eabi/4.9.3/armv7e-m/fpu/crtbegin.o
                0x0000000020000000                __dso_handle
 .data          0x0000000020000004        0x0 /usr/lib/gcc/arm-none-eabi/4.9.3/../../../arm-none-eabi/lib/armv7e-m/fpu/crt0.o
 .data          0x0000000020000004       0x28 misc.o
                0x0000000020000004                g5
 .data          0x000000002000002c        0x1 main.o
                0x000000002000002c                g3
 .data          0x000000002000002d        0x0 /usr/lib/gcc/arm-none-eabi/4.9.3/../../../arm-none-eabi/lib/armv7e-m/fpu/libg.a(lib_a-atexit.o)
 .data          0x000000002000002d        0x0 /usr/lib/gcc/arm-none-eabi/4.9.3/../../../arm-none-eabi/lib/armv7e-m/fpu/libg.a(lib_a-exit.o)
 .data          0x000000002000002d        0x0 /usr/lib/gcc/arm-none-eabi/4.9.3/../../../arm-none-eabi/lib/armv7e-m/fpu/libg.a(lib_a-fini.o)
 .data          0x000000002000002d        0x0 /usr/lib/gcc/arm-none-eabi/4.9.3/../../../arm-none-eabi/lib/armv7e-m/fpu/libg.a(lib_a-impure.o)
 .data          0x000000002000002d        0x0 /usr/lib/gcc/arm-none-eabi/4.9.3/../../../arm-none-eabi/lib/armv7e-m/fpu/libg.a(lib_a-init.o)
 .data          0x000000002000002d        0x0 /usr/lib/gcc/arm-none-eabi/4.9.3/../../../arm-none-eabi/lib/armv7e-m/fpu/libg.a(lib_a-malloc.o)
 .data          0x000000002000002d        0x0 /usr/lib/gcc/arm-none-eabi/4.9.3/../../../arm-none-eabi/lib/armv7e-m/fpu/libg.a(lib_a-mallocr.o)
 .data          0x000000002000002d        0x0 /usr/lib/gcc/arm-none-eabi/4.9.3/../../../arm-none-eabi/lib/armv7e-m/fpu/libg.a(lib_a-memset.o)
 .data          0x000000002000002d        0x0 /usr/lib/gcc/arm-none-eabi/4.9.3/../../../arm-none-eabi/lib/armv7e-m/fpu/libg.a(lib_a-mlock.o)
 .data          0x000000002000002d        0x0 /usr/lib/gcc/arm-none-eabi/4.9.3/../../../arm-none-eabi/lib/armv7e-m/fpu/libg.a(lib_a-sbrkr.o)
 .data          0x000000002000002d        0x0 /usr/lib/gcc/arm-none-eabi/4.9.3/../../../arm-none-eabi/lib/armv7e-m/fpu/libg.a(lib_a-__atexit.o)
 .data          0x000000002000002d        0x0 /usr/lib/gcc/arm-none-eabi/4.9.3/../../../arm-none-eabi/lib/armv7e-m/fpu/libg.a(lib_a-__call_atexit.o)
 .data          0x000000002000002d        0x0 /usr/lib/gcc/arm-none-eabi/4.9.3/../../../arm-none-eabi/lib/armv7e-m/fpu/libg.a(lib_a-freer.o)
 .data          0x000000002000002d        0x0 /usr/lib/gcc/arm-none-eabi/4.9.3/../../../arm-none-eabi/lib/armv7e-m/fpu/libg.a(lib_a-reent.o)
 .data          0x000000002000002d        0x0 /usr/lib/gcc/arm-none-eabi/4.9.3/../../../arm-none-eabi/lib/armv7e-m/fpu/libnosys.a(sbrk.o)
 .data          0x000000002000002d        0x0 /usr/lib/gcc/arm-none-eabi/4.9.3/../../../arm-none-eabi/lib/armv7e-m/fpu/libnosys.a(_exit.o)
 .data          0x000000002000002d        0x0 /usr/lib/gcc/arm-none-eabi/4.9.3/armv7e-m/fpu/crtend.o
 .data          0x000000002000002d        0x0 /usr/lib/gcc/arm-none-eabi/4.9.3/armv7e-m/fpu/crtn.o
 *(.data*)
 *fill*         0x000000002000002d        0x3 
 .data.impure_data
                0x0000000020000030      0x428 /usr/lib/gcc/arm-none-eabi/4.9.3/../../../arm-none-eabi/lib/armv7e-m/fpu/libg.a(lib_a-impure.o)
 .data._impure_ptr
                0x0000000020000458        0x4 /usr/lib/gcc/arm-none-eabi/4.9.3/../../../arm-none-eabi/lib/armv7e-m/fpu/libg.a(lib_a-impure.o)
                0x0000000020000458                _impure_ptr
 .data.__malloc_av_
                0x000000002000045c      0x408 /usr/lib/gcc/arm-none-eabi/4.9.3/../../../arm-none-eabi/lib/armv7e-m/fpu/libg.a(lib_a-mallocr.o)
                0x000000002000045c                __malloc_av_
 .data.__malloc_trim_threshold
                0x0000000020000864        0x4 /usr/lib/gcc/arm-none-eabi/4.9.3/../../../arm-none-eabi/lib/armv7e-m/fpu/libg.a(lib_a-mallocr.o)
                0x0000000020000864                __malloc_trim_threshold
 .data.__malloc_sbrk_base
                0x0000000020000868        0x4 /usr/lib/gcc/arm-none-eabi/4.9.3/../../../arm-none-eabi/lib/armv7e-m/fpu/libg.a(lib_a-mallocr.o)
                0x0000000020000868                __malloc_sbrk_base
                0x000000002000086c                . = ALIGN (0x4)
                0x000000002000086c                __data_end__ = .

.jcr            0x000000002000086c        0x4 load address 0x00000000000015e0
 .jcr           0x000000002000086c        0x0 /usr/lib/gcc/arm-none-eabi/4.9.3/armv7e-m/fpu/crtbegin.o
 .jcr           0x000000002000086c        0x4 /usr/lib/gcc/arm-none-eabi/4.9.3/armv7e-m/fpu/crtend.o

.tm_clone_table
                0x0000000020000870        0x0 load address 0x00000000000015e4
 .tm_clone_table
                0x0000000020000870        0x0 /usr/lib/gcc/arm-none-eabi/4.9.3/armv7e-m/fpu/crtbegin.o
 .tm_clone_table
                0x0000000020000870        0x0 /usr/lib/gcc/arm-none-eabi/4.9.3/armv7e-m/fpu/crtend.o

.igot.plt       0x0000000020000870        0x0 load address 0x00000000000015e4
 .igot.plt      0x0000000020000870        0x0 /usr/lib/gcc/arm-none-eabi/4.9.3/armv7e-m/fpu/crtbegin.o

.bss            0x0000000020000870       0x64
                0x0000000020000870                __bss_start__ = .
 *(.shbss)
 *(.bss)
 .bss           0x0000000020000870        0x0 /usr/lib/gcc/arm-none-eabi/4.9.3/armv7e-m/fpu/crti.o
 .bss           0x0000000020000870       0x1c /usr/lib/gcc/arm-none-eabi/4.9.3/armv7e-m/fpu/crtbegin.o
 .bss           0x000000002000088c        0x0 /usr/lib/gcc/arm-none-eabi/4.9.3/../../../arm-none-eabi/lib/armv7e-m/fpu/crt0.o
 .bss           0x000000002000088c        0x4 misc.o
 .bss           0x0000000020000890        0x5 main.o
                0x0000000020000894                g4
 .bss           0x0000000020000895        0x0 /usr/lib/gcc/arm-none-eabi/4.9.3/../../../arm-none-eabi/lib/armv7e-m/fpu/libg.a(lib_a-atexit.o)
 .bss           0x0000000020000895        0x0 /usr/lib/gcc/arm-none-eabi/4.9.3/../../../arm-none-eabi/lib/armv7e-m/fpu/libg.a(lib_a-exit.o)
 .bss           0x0000000020000895        0x0 /usr/lib/gcc/arm-none-eabi/4.9.3/../../../arm-none-eabi/lib/armv7e-m/fpu/libg.a(lib_a-fini.o)
 .bss           0x0000000020000895        0x0 /usr/lib/gcc/arm-none-eabi/4.9.3/../../../arm-none-eabi/lib/armv7e-m/fpu/libg.a(lib_a-impure.o)
 .bss           0x0000000020000895        0x0 /usr/lib/gcc/arm-none-eabi/4.9.3/../../../arm-none-eabi/lib/armv7e-m/fpu/libg.a(lib_a-init.o)
 .bss           0x0000000020000895        0x0 /usr/lib/gcc/arm-none-eabi/4.9.3/../../../arm-none-eabi/lib/armv7e-m/fpu/libg.a(lib_a-malloc.o)
 .bss           0x0000000020000895        0x0 /usr/lib/gcc/arm-none-eabi/4.9.3/../../../arm-none-eabi/lib/armv7e-m/fpu/libg.a(lib_a-mallocr.o)
 .bss           0x0000000020000895        0x0 /usr/lib/gcc/arm-none-eabi/4.9.3/../../../arm-none-eabi/lib/armv7e-m/fpu/libg.a(lib_a-memset.o)
 .bss           0x0000000020000895        0x0 /usr/lib/gcc/arm-none-eabi/4.9.3/../../../arm-none-eabi/lib/armv7e-m/fpu/libg.a(lib_a-mlock.o)
 .bss           0x0000000020000895        0x0 /usr/lib/gcc/arm-none-eabi/4.9.3/../../../arm-none-eabi/lib/armv7e-m/fpu/libg.a(lib_a-sbrkr.o)
 .bss           0x0000000020000895        0x0 /usr/lib/gcc/arm-none-eabi/4.9.3/../../../arm-none-eabi/lib/armv7e-m/fpu/libg.a(lib_a-__atexit.o)
 .bss           0x0000000020000895        0x0 /usr/lib/gcc/arm-none-eabi/4.9.3/../../../arm-none-eabi/lib/armv7e-m/fpu/libg.a(lib_a-__call_atexit.o)
 .bss           0x0000000020000895        0x0 /usr/lib/gcc/arm-none-eabi/4.9.3/../../../arm-none-eabi/lib/armv7e-m/fpu/libg.a(lib_a-freer.o)
 .bss           0x0000000020000895        0x0 /usr/lib/gcc/arm-none-eabi/4.9.3/../../../arm-none-eabi/lib/armv7e-m/fpu/libg.a(lib_a-reent.o)
 .bss           0x0000000020000895        0x0 /usr/lib/gcc/arm-none-eabi/4.9.3/../../../arm-none-eabi/lib/armv7e-m/fpu/libnosys.a(sbrk.o)
 .bss           0x0000000020000895        0x0 /usr/lib/gcc/arm-none-eabi/4.9.3/../../../arm-none-eabi/lib/armv7e-m/fpu/libnosys.a(_exit.o)
 .bss           0x0000000020000895        0x0 /usr/lib/gcc/arm-none-eabi/4.9.3/armv7e-m/fpu/crtend.o
 .bss           0x0000000020000895        0x0 /usr/lib/gcc/arm-none-eabi/4.9.3/armv7e-m/fpu/crtn.o
 *(.bss.*)
 *fill*         0x0000000020000895        0x3 
 .bss.__malloc_max_total_mem
                0x0000000020000898        0x4 /usr/lib/gcc/arm-none-eabi/4.9.3/../../../arm-none-eabi/lib/armv7e-m/fpu/libg.a(lib_a-mallocr.o)
                0x0000000020000898                __malloc_max_total_mem
 .bss.__malloc_max_sbrked_mem
                0x000000002000089c        0x4 /usr/lib/gcc/arm-none-eabi/4.9.3/../../../arm-none-eabi/lib/armv7e-m/fpu/libg.a(lib_a-mallocr.o)
                0x000000002000089c                __malloc_max_sbrked_mem
 .bss.__malloc_top_pad
                0x00000000200008a0        0x4 /usr/lib/gcc/arm-none-eabi/4.9.3/../../../arm-none-eabi/lib/armv7e-m/fpu/libg.a(lib_a-mallocr.o)
                0x00000000200008a0                __malloc_top_pad
 .bss.__malloc_current_mallinfo
                0x00000000200008a4       0x28 /usr/lib/gcc/arm-none-eabi/4.9.3/../../../arm-none-eabi/lib/armv7e-m/fpu/libg.a(lib_a-mallocr.o)
                0x00000000200008a4                __malloc_current_mallinfo
 .bss.heap_end.4079
                0x00000000200008cc        0x4 /usr/lib/gcc/arm-none-eabi/4.9.3/../../../arm-none-eabi/lib/armv7e-m/fpu/libnosys.a(sbrk.o)
 *(COMMON)
 COMMON         0x00000000200008d0        0x4 /usr/lib/gcc/arm-none-eabi/4.9.3/../../../arm-none-eabi/lib/armv7e-m/fpu/libg.a(lib_a-reent.o)
                0x00000000200008d0                errno
                0x00000000200008d4                . = ALIGN (0x4)
                0x00000000200008d4                __bss_end__ = .

.heap           0x00000000200008d4        0x0
                0x00000000200008d4                __heap_start__ = .
                0x00000000200008d4                end = __heap_start__
                0x00000000200008d4                _end = end
                0x00000000200008d4                __end = end
 *(.heap)
                0x00000000200008d4                __heap_end__ = .
                0x00000000200008d4                __HeapLimit = __heap_end__

.stack          0x00000000200008d8        0x0
                0x00000000200008d8                _stack = .
                0x00000000200008d8                __stack = .
 *(.stack)
OUTPUT(c1m2.out elf32-littlearm)

.ARM.attributes
                0x0000000000000000       0x30
 .ARM.attributes
                0x0000000000000000       0x22 /usr/lib/gcc/arm-none-eabi/4.9.3/armv7e-m/fpu/crti.o
 .ARM.attributes
                0x0000000000000022       0x34 /usr/lib/gcc/arm-none-eabi/4.9.3/armv7e-m/fpu/crtbegin.o
 .ARM.attributes
                0x0000000000000056       0x20 /usr/lib/gcc/arm-none-eabi/4.9.3/../../../arm-none-eabi/lib/armv7e-m/fpu/crt0.o
 .ARM.attributes
                0x0000000000000076       0x39 misc.o
 .ARM.attributes
                0x00000000000000af       0x39 main.o
 .ARM.attributes
                0x00000000000000e8       0x34 /usr/lib/gcc/arm-none-eabi/4.9.3/../../../arm-none-eabi/lib/armv7e-m/fpu/libg.a(lib_a-atexit.o)
 .ARM.attributes
                0x000000000000011c       0x34 /usr/lib/gcc/arm-none-eabi/4.9.3/../../../arm-none-eabi/lib/armv7e-m/fpu/libg.a(lib_a-exit.o)
 .ARM.attributes
                0x0000000000000150       0x34 /usr/lib/gcc/arm-none-eabi/4.9.3/../../../arm-none-eabi/lib/armv7e-m/fpu/libg.a(lib_a-fini.o)
 .ARM.attributes
                0x0000000000000184       0x34 /usr/lib/gcc/arm-none-eabi/4.9.3/../../../arm-none-eabi/lib/armv7e-m/fpu/libg.a(lib_a-impure.o)
 .ARM.attributes
                0x00000000000001b8       0x34 /usr/lib/gcc/arm-none-eabi/4.9.3/../../../arm-none-eabi/lib/armv7e-m/fpu/libg.a(lib_a-init.o)
 .ARM.attributes
                0x00000000000001ec       0x34 /usr/lib/gcc/arm-none-eabi/4.9.3/../../../arm-none-eabi/lib/armv7e-m/fpu/libg.a(lib_a-malloc.o)
 .ARM.attributes
                0x0000000000000220       0x34 /usr/lib/gcc/arm-none-eabi/4.9.3/../../../arm-none-eabi/lib/armv7e-m/fpu/libg.a(lib_a-mallocr.o)
 .ARM.attributes
                0x0000000000000254       0x34 /usr/lib/gcc/arm-none-eabi/4.9.3/../../../arm-none-eabi/lib/armv7e-m/fpu/libg.a(lib_a-memset.o)
 .ARM.attributes
                0x0000000000000288       0x34 /usr/lib/gcc/arm-none-eabi/4.9.3/../../../arm-none-eabi/lib/armv7e-m/fpu/libg.a(lib_a-mlock.o)
 .ARM.attributes
                0x00000000000002bc       0x34 /usr/lib/gcc/arm-none-eabi/4.9.3/../../../arm-none-eabi/lib/armv7e-m/fpu/libg.a(lib_a-sbrkr.o)
 .ARM.attributes
                0x00000000000002f0       0x34 /usr/lib/gcc/arm-none-eabi/4.9.3/../../../arm-none-eabi/lib/armv7e-m/fpu/libg.a(lib_a-__atexit.o)
 .ARM.attributes
                0x0000000000000324       0x34 /usr/lib/gcc/arm-none-eabi/4.9.3/../../../arm-none-eabi/lib/armv7e-m/fpu/libg.a(lib_a-__call_atexit.o)
 .ARM.attributes
                0x0000000000000358       0x34 /usr/lib/gcc/arm-none-eabi/4.9.3/../../../arm-none-eabi/lib/armv7e-m/fpu/libg.a(lib_a-freer.o)
 .ARM.attributes
                0x000000000000038c       0x34 /usr/lib/gcc/arm-none-eabi/4.9.3/../../../arm-none-eabi/lib/armv7e-m/fpu/libg.a(lib_a-reent.o)
 .ARM.attributes
                0x00000000000003c0       0x34 /usr/lib/gcc/arm-none-eabi/4.9.3/../../../arm-none-eabi/lib/armv7e-m/fpu/libnosys.a(sbrk.o)
 .ARM.attributes
                0x00000000000003f4       0x34 /usr/lib/gcc/arm-none-eabi/4.9.3/../../../arm-none-eabi/lib/armv7e-m/fpu/libnosys.a(_exit.o)
 .ARM.attributes
                0x0000000000000428       0x34 /usr/lib/gcc/arm-none-eabi/4.9.3/armv7e-m/fpu/crtend.o
 .ARM.attributes
                0x000000000000045c       0x22 /usr/lib/gcc/arm-none-eabi/4.9.3/armv7e-m/fpu/crtn.o

.comment        0x0000000000000000       0x70
 .comment       0x0000000000000000       0x38 /usr/lib/gcc/arm-none-eabi/4.9.3/armv7e-m/fpu/crtbegin.o
                                         0x39 (size before relaxing)
 .comment       0x0000000000000038       0x39 misc.o
 .comment       0x0000000000000038       0x39 main.o
 .comment       0x0000000000000038       0x38 /usr/lib/gcc/arm-none-eabi/4.9.3/../../../arm-none-eabi/lib/armv7e-m/fpu/libg.a(lib_a-atexit.o)
                                         0x39 (size before relaxing)
 .comment       0x0000000000000070       0x39 /usr/lib/gcc/arm-none-eabi/4.9.3/../../../arm-none-eabi/lib/armv7e-m/fpu/libg.a(lib_a-exit.o)
 .comment       0x0000000000000070       0x39 /usr/lib/gcc/arm-none-eabi/4.9.3/../../../arm-none-eabi/lib/armv7e-m/fpu/libg.a(lib_a-fini.o)
 .comment       0x0000000000000070       0x39 /usr/lib/gcc/arm-none-eabi/4.9.3/../../../arm-none-eabi/lib/armv7e-m/fpu/libg.a(lib_a-impure.o)
 .comment       0x0000000000000070       0x39 /usr/lib/gcc/arm-none-eabi/4.9.3/../../../arm-none-eabi/lib/armv7e-m/fpu/libg.a(lib_a-init.o)
 .comment       0x0000000000000070       0x39 /usr/lib/gcc/arm-none-eabi/4.9.3/../../../arm-none-eabi/lib/armv7e-m/fpu/libg.a(lib_a-malloc.o)
 .comment       0x0000000000000070       0x39 /usr/lib/gcc/arm-none-eabi/4.9.3/../../../arm-none-eabi/lib/armv7e-m/fpu/libg.a(lib_a-mallocr.o)
 .comment       0x0000000000000070       0x39 /usr/lib/gcc/arm-none-eabi/4.9.3/../../../arm-none-eabi/lib/armv7e-m/fpu/libg.a(lib_a-memset.o)
 .comment       0x0000000000000070       0x39 /usr/lib/gcc/arm-none-eabi/4.9.3/../../../arm-none-eabi/lib/armv7e-m/fpu/libg.a(lib_a-mlock.o)
 .comment       0x0000000000000070       0x39 /usr/lib/gcc/arm-none-eabi/4.9.3/../../../arm-none-eabi/lib/armv7e-m/fpu/libg.a(lib_a-sbrkr.o)
 .comment       0x0000000000000070       0x39 /usr/lib/gcc/arm-none-eabi/4.9.3/../../../arm-none-eabi/lib/armv7e-m/fpu/libg.a(lib_a-__atexit.o)
 .comment       0x0000000000000070       0x39 /usr/lib/gcc/arm-none-eabi/4.9.3/../../../arm-none-eabi/lib/armv7e-m/fpu/libg.a(lib_a-__call_atexit.o)
 .comment       0x0000000000000070       0x39 /usr/lib/gcc/arm-none-eabi/4.9.3/../../../arm-none-eabi/lib/armv7e-m/fpu/libg.a(lib_a-freer.o)
 .comment       0x0000000000000070       0x39 /usr/lib/gcc/arm-none-eabi/4.9.3/../../../arm-none-eabi/lib/armv7e-m/fpu/libg.a(lib_a-reent.o)
 .comment       0x0000000000000070       0x39 /usr/lib/gcc/arm-none-eabi/4.9.3/../../../arm-none-eabi/lib/armv7e-m/fpu/libnosys.a(sbrk.o)
 .comment       0x0000000000000070       0x39 /usr/lib/gcc/arm-none-eabi/4.9.3/../../../arm-none-eabi/lib/armv7e-m/fpu/libnosys.a(_exit.o)
 .comment       0x0000000000000070       0x39 /usr/lib/gcc/arm-none-eabi/4.9.3/armv7e-m/fpu/crtend.o

.debug_line     0x0000000000000000     0x165e
 .debug_line    0x0000000000000000       0x7e /usr/lib/gcc/arm-none-eabi/4.9.3/../../../arm-none-eabi/lib/armv7e-m/fpu/crt0.o
 .debug_line    0x000000000000007e       0x53 misc.o
 .debug_line    0x00000000000000d1       0x4e main.o
 .debug_line    0x000000000000011f       0xc4 /usr/lib/gcc/arm-none-eabi/4.9.3/../../../arm-none-eabi/lib/armv7e-m/fpu/libg.a(lib_a-atexit.o)
 .debug_line    0x00000000000001e3      0x178 /usr/lib/gcc/arm-none-eabi/4.9.3/../../../arm-none-eabi/lib/armv7e-m/fpu/libg.a(lib_a-exit.o)
 .debug_line    0x000000000000035b       0x9f /usr/lib/gcc/arm-none-eabi/4.9.3/../../../arm-none-eabi/lib/armv7e-m/fpu/libg.a(lib_a-fini.o)
 .debug_line    0x00000000000003fa       0xf4 /usr/lib/gcc/arm-none-eabi/4.9.3/../../../arm-none-eabi/lib/armv7e-m/fpu/libg.a(lib_a-impure.o)
 .debug_line    0x00000000000004ee       0xb8 /usr/lib/gcc/arm-none-eabi/4.9.3/../../../arm-none-eabi/lib/armv7e-m/fpu/libg.a(lib_a-init.o)
 .debug_line    0x00000000000005a6      0x171 /usr/lib/gcc/arm-none-eabi/4.9.3/../../../arm-none-eabi/lib/armv7e-m/fpu/libg.a(lib_a-malloc.o)
 .debug_line    0x0000000000000717      0x38e /usr/lib/gcc/arm-none-eabi/4.9.3/../../../arm-none-eabi/lib/armv7e-m/fpu/libg.a(lib_a-mallocr.o)
 .debug_line    0x0000000000000aa5      0x11c /usr/lib/gcc/arm-none-eabi/4.9.3/../../../arm-none-eabi/lib/armv7e-m/fpu/libg.a(lib_a-memset.o)
 .debug_line    0x0000000000000bc1      0x112 /usr/lib/gcc/arm-none-eabi/4.9.3/../../../arm-none-eabi/lib/armv7e-m/fpu/libg.a(lib_a-mlock.o)
 .debug_line    0x0000000000000cd3      0x164 /usr/lib/gcc/arm-none-eabi/4.9.3/../../../arm-none-eabi/lib/armv7e-m/fpu/libg.a(lib_a-sbrkr.o)
 .debug_line    0x0000000000000e37      0x196 /usr/lib/gcc/arm-none-eabi/4.9.3/../../../arm-none-eabi/lib/armv7e-m/fpu/libg.a(lib_a-__atexit.o)
 .debug_line    0x0000000000000fcd      0x1c8 /usr/lib/gcc/arm-none-eabi/4.9.3/../../../arm-none-eabi/lib/armv7e-m/fpu/libg.a(lib_a-__call_atexit.o)
 .debug_line    0x0000000000001195      0x271 /usr/lib/gcc/arm-none-eabi/4.9.3/../../../arm-none-eabi/lib/armv7e-m/fpu/libg.a(lib_a-freer.o)
 .debug_line    0x0000000000001406      0x19d /usr/lib/gcc/arm-none-eabi/4.9.3/../../../arm-none-eabi/lib/armv7e-m/fpu/libg.a(lib_a-reent.o)
 .debug_line    0x00000000000015a3       0x5b /usr/lib/gcc/arm-none-eabi/4.9.3/../../../arm-none-eabi/lib/armv7e-m/fpu/libnosys.a(sbrk.o)
 .debug_line    0x00000000000015fe       0x60 /usr/lib/gcc/arm-none-eabi/4.9.3/../../../arm-none-eabi/lib/armv7e-m/fpu/libnosys.a(_exit.o)

.debug_info     0x0000000000000000     0x6a38
 .debug_info    0x0000000000000000       0xb0 /usr/lib/gcc/arm-none-eabi/4.9.3/../../../arm-none-eabi/lib/armv7e-m/fpu/crt0.o
 .debug_info    0x00000000000000b0       0xc4 misc.o
 .debug_info    0x0000000000000174      0x10a main.o
 .debug_info    0x000000000000027e      0x10a /usr/lib/gcc/arm-none-eabi/4.9.3/../../../arm-none-eabi/lib/armv7e-m/fpu/libg.a(lib_a-atexit.o)
 .debug_info    0x0000000000000388      0x8e4 /usr/lib/gcc/arm-none-eabi/4.9.3/../../../arm-none-eabi/lib/armv7e-m/fpu/libg.a(lib_a-exit.o)
 .debug_info    0x0000000000000c6c       0xef /usr/lib/gcc/arm-none-eabi/4.9.3/../../../arm-none-eabi/lib/armv7e-m/fpu/libg.a(lib_a-fini.o)
 .debug_info    0x0000000000000d5b      0x894 /usr/lib/gcc/arm-none-eabi/4.9.3/../../../arm-none-eabi/lib/armv7e-m/fpu/libg.a(lib_a-impure.o)
 .debug_info    0x00000000000015ef      0x105 /usr/lib/gcc/arm-none-eabi/4.9.3/../../../arm-none-eabi/lib/armv7e-m/fpu/libg.a(lib_a-init.o)
 .debug_info    0x00000000000016f4      0x915 /usr/lib/gcc/arm-none-eabi/4.9.3/../../../arm-none-eabi/lib/armv7e-m/fpu/libg.a(lib_a-malloc.o)
 .debug_info    0x0000000000002009      0xd8b /usr/lib/gcc/arm-none-eabi/4.9.3/../../../arm-none-eabi/lib/armv7e-m/fpu/libg.a(lib_a-mallocr.o)
 .debug_info    0x0000000000002d94      0x117 /usr/lib/gcc/arm-none-eabi/4.9.3/../../../arm-none-eabi/lib/armv7e-m/fpu/libg.a(lib_a-memset.o)
 .debug_info    0x0000000000002eab      0x8b4 /usr/lib/gcc/arm-none-eabi/4.9.3/../../../arm-none-eabi/lib/armv7e-m/fpu/libg.a(lib_a-mlock.o)
 .debug_info    0x000000000000375f      0x8f4 /usr/lib/gcc/arm-none-eabi/4.9.3/../../../arm-none-eabi/lib/armv7e-m/fpu/libg.a(lib_a-sbrkr.o)
 .debug_info    0x0000000000004053      0x934 /usr/lib/gcc/arm-none-eabi/4.9.3/../../../arm-none-eabi/lib/armv7e-m/fpu/libg.a(lib_a-__atexit.o)
 .debug_info    0x0000000000004987      0x9a9 /usr/lib/gcc/arm-none-eabi/4.9.3/../../../arm-none-eabi/lib/armv7e-m/fpu/libg.a(lib_a-__call_atexit.o)
 .debug_info    0x0000000000005330      0xc1c /usr/lib/gcc/arm-none-eabi/4.9.3/../../../arm-none-eabi/lib/armv7e-m/fpu/libg.a(lib_a-freer.o)
 .debug_info    0x0000000000005f4c      0x9fb /usr/lib/gcc/arm-none-eabi/4.9.3/../../../arm-none-eabi/lib/armv7e-m/fpu/libg.a(lib_a-reent.o)
 .debug_info    0x0000000000006947       0x99 /usr/lib/gcc/arm-none-eabi/4.9.3/../../../arm-none-eabi/lib/armv7e-m/fpu/libnosys.a(sbrk.o)
 .debug_info    0x00000000000069e0       0x58 /usr/lib/gcc/arm-none-eabi/4.9.3/../../../arm-none-eabi/lib/armv7e-m/fpu/libnosys.a(_exit.o)

.debug_abbrev   0x0000000000000000     0x19db
 .debug_abbrev  0x0000000000000000       0x14 /usr/lib/gcc/arm-none-eabi/4.9.3/../../../arm-none-eabi/lib/armv7e-m/fpu/crt0.o
 .debug_abbrev  0x0000000000000014       0x97 misc.o
 .debug_abbrev  0x00000000000000ab       0x7b main.o
 .debug_abbrev  0x0000000000000126       0xb8 /usr/lib/gcc/arm-none-eabi/4.9.3/../../../arm-none-eabi/lib/armv7e-m/fpu/libg.a(lib_a-atexit.o)
 .debug_abbrev  0x00000000000001de      0x1e6 /usr/lib/gcc/arm-none-eabi/4.9.3/../../../arm-none-eabi/lib/armv7e-m/fpu/libg.a(lib_a-exit.o)
 .debug_abbrev  0x00000000000003c4       0xbd /usr/lib/gcc/arm-none-eabi/4.9.3/../../../arm-none-eabi/lib/armv7e-m/fpu/libg.a(lib_a-fini.o)
 .debug_abbrev  0x0000000000000481      0x180 /usr/lib/gcc/arm-none-eabi/4.9.3/../../../arm-none-eabi/lib/armv7e-m/fpu/libg.a(lib_a-impure.o)
 .debug_abbrev  0x0000000000000601       0xba /usr/lib/gcc/arm-none-eabi/4.9.3/../../../arm-none-eabi/lib/armv7e-m/fpu/libg.a(lib_a-init.o)
 .debug_abbrev  0x00000000000006bb      0x1fa /usr/lib/gcc/arm-none-eabi/4.9.3/../../../arm-none-eabi/lib/armv7e-m/fpu/libg.a(lib_a-malloc.o)
 .debug_abbrev  0x00000000000008b5      0x2ad /usr/lib/gcc/arm-none-eabi/4.9.3/../../../arm-none-eabi/lib/armv7e-m/fpu/libg.a(lib_a-mallocr.o)
 .debug_abbrev  0x0000000000000b62       0x9f /usr/lib/gcc/arm-none-eabi/4.9.3/../../../arm-none-eabi/lib/armv7e-m/fpu/libg.a(lib_a-memset.o)
 .debug_abbrev  0x0000000000000c01      0x19a /usr/lib/gcc/arm-none-eabi/4.9.3/../../../arm-none-eabi/lib/armv7e-m/fpu/libg.a(lib_a-mlock.o)
 .debug_abbrev  0x0000000000000d9b      0x1fd /usr/lib/gcc/arm-none-eabi/4.9.3/../../../arm-none-eabi/lib/armv7e-m/fpu/libg.a(lib_a-sbrkr.o)
 .debug_abbrev  0x0000000000000f98      0x20f /usr/lib/gcc/arm-none-eabi/4.9.3/../../../arm-none-eabi/lib/armv7e-m/fpu/libg.a(lib_a-__atexit.o)
 .debug_abbrev  0x00000000000011a7      0x285 /usr/lib/gcc/arm-none-eabi/4.9.3/../../../arm-none-eabi/lib/armv7e-m/fpu/libg.a(lib_a-__call_atexit.o)
 .debug_abbrev  0x000000000000142c      0x27b /usr/lib/gcc/arm-none-eabi/4.9.3/../../../arm-none-eabi/lib/armv7e-m/fpu/libg.a(lib_a-freer.o)
 .debug_abbrev  0x00000000000016a7      0x25c /usr/lib/gcc/arm-none-eabi/4.9.3/../../../arm-none-eabi/lib/armv7e-m/fpu/libg.a(lib_a-reent.o)
 .debug_abbrev  0x0000000000001903       0x83 /usr/lib/gcc/arm-none-eabi/4.9.3/../../../arm-none-eabi/lib/armv7e-m/fpu/libnosys.a(sbrk.o)
 .debug_abbrev  0x0000000000001986       0x55 /usr/lib/gcc/arm-none-eabi/4.9.3/../../../arm-none-eabi/lib/armv7e-m/fpu/libnosys.a(_exit.o)

.debug_aranges  0x0000000000000000      0x280
 .debug_aranges
                0x0000000000000000       0x20 /usr/lib/gcc/arm-none-eabi/4.9.3/../../../arm-none-eabi/lib/armv7e-m/fpu/crt0.o
 .debug_aranges
                0x0000000000000020       0x20 misc.o
 .debug_aranges
                0x0000000000000040       0x20 main.o
 .debug_aranges
                0x0000000000000060       0x20 /usr/lib/gcc/arm-none-eabi/4.9.3/../../../arm-none-eabi/lib/armv7e-m/fpu/libg.a(lib_a-atexit.o)
 .debug_aranges
                0x0000000000000080       0x20 /usr/lib/gcc/arm-none-eabi/4.9.3/../../../arm-none-eabi/lib/armv7e-m/fpu/libg.a(lib_a-exit.o)
 .debug_aranges
                0x00000000000000a0       0x20 /usr/lib/gcc/arm-none-eabi/4.9.3/../../../arm-none-eabi/lib/armv7e-m/fpu/libg.a(lib_a-fini.o)
 .debug_aranges
                0x00000000000000c0       0x18 /usr/lib/gcc/arm-none-eabi/4.9.3/../../../arm-none-eabi/lib/armv7e-m/fpu/libg.a(lib_a-impure.o)
 .debug_aranges
                0x00000000000000d8       0x20 /usr/lib/gcc/arm-none-eabi/4.9.3/../../../arm-none-eabi/lib/armv7e-m/fpu/libg.a(lib_a-init.o)
 .debug_aranges
                0x00000000000000f8       0x28 /usr/lib/gcc/arm-none-eabi/4.9.3/../../../arm-none-eabi/lib/armv7e-m/fpu/libg.a(lib_a-malloc.o)
 .debug_aranges
                0x0000000000000120       0x20 /usr/lib/gcc/arm-none-eabi/4.9.3/../../../arm-none-eabi/lib/armv7e-m/fpu/libg.a(lib_a-mallocr.o)
 .debug_aranges
                0x0000000000000140       0x20 /usr/lib/gcc/arm-none-eabi/4.9.3/../../../arm-none-eabi/lib/armv7e-m/fpu/libg.a(lib_a-memset.o)
 .debug_aranges
                0x0000000000000160       0x28 /usr/lib/gcc/arm-none-eabi/4.9.3/../../../arm-none-eabi/lib/armv7e-m/fpu/libg.a(lib_a-mlock.o)
 .debug_aranges
                0x0000000000000188       0x20 /usr/lib/gcc/arm-none-eabi/4.9.3/../../../arm-none-eabi/lib/armv7e-m/fpu/libg.a(lib_a-sbrkr.o)
 .debug_aranges
                0x00000000000001a8       0x20 /usr/lib/gcc/arm-none-eabi/4.9.3/../../../arm-none-eabi/lib/armv7e-m/fpu/libg.a(lib_a-__atexit.o)
 .debug_aranges
                0x00000000000001c8       0x28 /usr/lib/gcc/arm-none-eabi/4.9.3/../../../arm-none-eabi/lib/armv7e-m/fpu/libg.a(lib_a-__call_atexit.o)
 .debug_aranges
                0x00000000000001f0       0x28 /usr/lib/gcc/arm-none-eabi/4.9.3/../../../arm-none-eabi/lib/armv7e-m/fpu/libg.a(lib_a-freer.o)
 .debug_aranges
                0x0000000000000218       0x28 /usr/lib/gcc/arm-none-eabi/4.9.3/../../../arm-none-eabi/lib/armv7e-m/fpu/libg.a(lib_a-reent.o)
 .debug_aranges
                0x0000000000000240       0x20 /usr/lib/gcc/arm-none-eabi/4.9.3/../../../arm-none-eabi/lib/armv7e-m/fpu/libnosys.a(sbrk.o)
 .debug_aranges
                0x0000000000000260       0x20 /usr/lib/gcc/arm-none-eabi/4.9.3/../../../arm-none-eabi/lib/armv7e-m/fpu/libnosys.a(_exit.o)

.debug_str      0x0000000000000000      0xf00
 .debug_str     0x0000000000000000       0xd3 misc.o
                                         0xea (size before relaxing)
 .debug_str     0x00000000000000d3       0x5c main.o
                                        0x161 (size before relaxing)
 .debug_str     0x000000000000012f      0x1af /usr/lib/gcc/arm-none-eabi/4.9.3/../../../arm-none-eabi/lib/armv7e-m/fpu/libg.a(lib_a-atexit.o)
                                        0x248 (size before relaxing)
 .debug_str     0x00000000000002de      0x3da /usr/lib/gcc/arm-none-eabi/4.9.3/../../../arm-none-eabi/lib/armv7e-m/fpu/libg.a(lib_a-exit.o)
                                        0x5e5 (size before relaxing)
 .debug_str     0x00000000000006b8       0xd2 /usr/lib/gcc/arm-none-eabi/4.9.3/../../../arm-none-eabi/lib/armv7e-m/fpu/libg.a(lib_a-fini.o)
                                        0x240 (size before relaxing)
 .debug_str     0x000000000000078a       0xa5 /usr/lib/gcc/arm-none-eabi/4.9.3/../../../arm-none-eabi/lib/armv7e-m/fpu/libg.a(lib_a-impure.o)
                                        0x5dc (size before relaxing)
 .debug_str     0x000000000000082f       0x93 /usr/lib/gcc/arm-none-eabi/4.9.3/../../../arm-none-eabi/lib/armv7e-m/fpu/libg.a(lib_a-init.o)
                                        0x26a (size before relaxing)
 .debug_str     0x00000000000008c2       0x54 /usr/lib/gcc/arm-none-eabi/4.9.3/../../../arm-none-eabi/lib/armv7e-m/fpu/libg.a(lib_a-malloc.o)
                                        0x5f0 (size before relaxing)
 .debug_str     0x0000000000000916      0x224 /usr/lib/gcc/arm-none-eabi/4.9.3/../../../arm-none-eabi/lib/armv7e-m/fpu/libg.a(lib_a-mallocr.o)
                                        0x7eb (size before relaxing)
 .debug_str     0x0000000000000b3a       0xb6 /usr/lib/gcc/arm-none-eabi/4.9.3/../../../arm-none-eabi/lib/armv7e-m/fpu/libg.a(lib_a-memset.o)
                                        0x21f (size before relaxing)
 .debug_str     0x0000000000000bf0       0x45 /usr/lib/gcc/arm-none-eabi/4.9.3/../../../arm-none-eabi/lib/armv7e-m/fpu/libg.a(lib_a-mlock.o)
                                        0x5e5 (size before relaxing)
 .debug_str     0x0000000000000c35       0x3a /usr/lib/gcc/arm-none-eabi/4.9.3/../../../arm-none-eabi/lib/armv7e-m/fpu/libg.a(lib_a-sbrkr.o)
                                        0x5d3 (size before relaxing)
 .debug_str     0x0000000000000c6f       0x33 /usr/lib/gcc/arm-none-eabi/4.9.3/../../../arm-none-eabi/lib/armv7e-m/fpu/libg.a(lib_a-__atexit.o)
                                        0x624 (size before relaxing)
 .debug_str     0x0000000000000ca2       0x6e /usr/lib/gcc/arm-none-eabi/4.9.3/../../../arm-none-eabi/lib/armv7e-m/fpu/libg.a(lib_a-__call_atexit.o)
                                        0x63c (size before relaxing)
 .debug_str     0x0000000000000d10       0x34 /usr/lib/gcc/arm-none-eabi/4.9.3/../../../arm-none-eabi/lib/armv7e-m/fpu/libg.a(lib_a-freer.o)
                                        0x735 (size before relaxing)
 .debug_str     0x0000000000000d44       0x5b /usr/lib/gcc/arm-none-eabi/4.9.3/../../../arm-none-eabi/lib/armv7e-m/fpu/libg.a(lib_a-reent.o)
                                        0x5fb (size before relaxing)
 .debug_str     0x0000000000000d9f      0x135 /usr/lib/gcc/arm-none-eabi/4.9.3/../../../arm-none-eabi/lib/armv7e-m/fpu/libnosys.a(sbrk.o)
                                        0x14e (size before relaxing)
 .debug_str     0x0000000000000ed4       0x2c /usr/lib/gcc/arm-none-eabi/4.9.3/../../../arm-none-eabi/lib/armv7e-m/fpu/libnosys.a(_exit.o)
                                        0x12e (size before relaxing)

.debug_frame    0x0000000000000000      0x3c0
 .debug_frame   0x0000000000000000       0x38 misc.o
 .debug_frame   0x0000000000000038       0x38 main.o
 .debug_frame   0x0000000000000070       0x20 /usr/lib/gcc/arm-none-eabi/4.9.3/../../../arm-none-eabi/lib/armv7e-m/fpu/libg.a(lib_a-atexit.o)
 .debug_frame   0x0000000000000090       0x28 /usr/lib/gcc/arm-none-eabi/4.9.3/../../../arm-none-eabi/lib/armv7e-m/fpu/libg.a(lib_a-exit.o)
 .debug_frame   0x00000000000000b8       0x34 /usr/lib/gcc/arm-none-eabi/4.9.3/../../../arm-none-eabi/lib/armv7e-m/fpu/libg.a(lib_a-fini.o)
 .debug_frame   0x00000000000000ec       0x2c /usr/lib/gcc/arm-none-eabi/4.9.3/../../../arm-none-eabi/lib/armv7e-m/fpu/libg.a(lib_a-init.o)
 .debug_frame   0x0000000000000118       0x30 /usr/lib/gcc/arm-none-eabi/4.9.3/../../../arm-none-eabi/lib/armv7e-m/fpu/libg.a(lib_a-malloc.o)
 .debug_frame   0x0000000000000148       0x58 /usr/lib/gcc/arm-none-eabi/4.9.3/../../../arm-none-eabi/lib/armv7e-m/fpu/libg.a(lib_a-mallocr.o)
 .debug_frame   0x00000000000001a0       0x34 /usr/lib/gcc/arm-none-eabi/4.9.3/../../../arm-none-eabi/lib/armv7e-m/fpu/libg.a(lib_a-memset.o)
 .debug_frame   0x00000000000001d4       0x30 /usr/lib/gcc/arm-none-eabi/4.9.3/../../../arm-none-eabi/lib/armv7e-m/fpu/libg.a(lib_a-mlock.o)
 .debug_frame   0x0000000000000204       0x2c /usr/lib/gcc/arm-none-eabi/4.9.3/../../../arm-none-eabi/lib/armv7e-m/fpu/libg.a(lib_a-sbrkr.o)
 .debug_frame   0x0000000000000230       0x34 /usr/lib/gcc/arm-none-eabi/4.9.3/../../../arm-none-eabi/lib/armv7e-m/fpu/libg.a(lib_a-__atexit.o)
 .debug_frame   0x0000000000000264       0x50 /usr/lib/gcc/arm-none-eabi/4.9.3/../../../arm-none-eabi/lib/armv7e-m/fpu/libg.a(lib_a-__call_atexit.o)
 .debug_frame   0x00000000000002b4       0x74 /usr/lib/gcc/arm-none-eabi/4.9.3/../../../arm-none-eabi/lib/armv7e-m/fpu/libg.a(lib_a-freer.o)
 .debug_frame   0x0000000000000328       0x58 /usr/lib/gcc/arm-none-eabi/4.9.3/../../../arm-none-eabi/lib/armv7e-m/fpu/libg.a(lib_a-reent.o)
 .debug_frame   0x0000000000000380       0x20 /usr/lib/gcc/arm-none-eabi/4.9.3/../../../arm-none-eabi/lib/armv7e-m/fpu/libnosys.a(sbrk.o)
 .debug_frame   0x00000000000003a0       0x20 /usr/lib/gcc/arm-none-eabi/4.9.3/../../../arm-none-eabi/lib/armv7e-m/fpu/libnosys.a(_exit.o)

.debug_loc      0x0000000000000000     0x1a83
 .debug_loc     0x0000000000000000       0x2c /usr/lib/gcc/arm-none-eabi/4.9.3/../../../arm-none-eabi/lib/armv7e-m/fpu/libg.a(lib_a-atexit.o)
 .debug_loc     0x000000000000002c       0x1e /usr/lib/gcc/arm-none-eabi/4.9.3/../../../arm-none-eabi/lib/armv7e-m/fpu/libg.a(lib_a-exit.o)
 .debug_loc     0x000000000000004a       0x5c /usr/lib/gcc/arm-none-eabi/4.9.3/../../../arm-none-eabi/lib/armv7e-m/fpu/libg.a(lib_a-fini.o)
 .debug_loc     0x00000000000000a6       0xae /usr/lib/gcc/arm-none-eabi/4.9.3/../../../arm-none-eabi/lib/armv7e-m/fpu/libg.a(lib_a-init.o)
 .debug_loc     0x0000000000000154       0x58 /usr/lib/gcc/arm-none-eabi/4.9.3/../../../arm-none-eabi/lib/armv7e-m/fpu/libg.a(lib_a-malloc.o)
 .debug_loc     0x00000000000001ac      0xdc4 /usr/lib/gcc/arm-none-eabi/4.9.3/../../../arm-none-eabi/lib/armv7e-m/fpu/libg.a(lib_a-mallocr.o)
 .debug_loc     0x0000000000000f70      0x1ae /usr/lib/gcc/arm-none-eabi/4.9.3/../../../arm-none-eabi/lib/armv7e-m/fpu/libg.a(lib_a-memset.o)
 .debug_loc     0x000000000000111e       0x4d /usr/lib/gcc/arm-none-eabi/4.9.3/../../../arm-none-eabi/lib/armv7e-m/fpu/libg.a(lib_a-sbrkr.o)
 .debug_loc     0x000000000000116b      0x197 /usr/lib/gcc/arm-none-eabi/4.9.3/../../../arm-none-eabi/lib/armv7e-m/fpu/libg.a(lib_a-__atexit.o)
 .debug_loc     0x0000000000001302      0x146 /usr/lib/gcc/arm-none-eabi/4.9.3/../../../arm-none-eabi/lib/armv7e-m/fpu/libg.a(lib_a-__call_atexit.o)
 .debug_loc     0x0000000000001448      0x4fd /usr/lib/gcc/arm-none-eabi/4.9.3/../../../arm-none-eabi/lib/armv7e-m/fpu/libg.a(lib_a-freer.o)
 .debug_loc     0x0000000000001945      0x11d /usr/lib/gcc/arm-none-eabi/4.9.3/../../../arm-none-eabi/lib/armv7e-m/fpu/libg.a(lib_a-reent.o)
 .debug_loc     0x0000000000001a62       0x21 /usr/lib/gcc/arm-none-eabi/4.9.3/../../../arm-none-eabi/lib/armv7e-m/fpu/libnosys.a(sbrk.o)

.debug_ranges   0x0000000000000000      0x170
 .debug_ranges  0x0000000000000000       0x10 /usr/lib/gcc/arm-none-eabi/4.9.3/../../../arm-none-eabi/lib/armv7e-m/fpu/libg.a(lib_a-atexit.o)
 .debug_ranges  0x0000000000000010       0x10 /usr/lib/gcc/arm-none-eabi/4.9.3/../../../arm-none-eabi/lib/armv7e-m/fpu/libg.a(lib_a-exit.o)
 .debug_ranges  0x0000000000000020       0x10 /usr/lib/gcc/arm-none-eabi/4.9.3/../../../arm-none-eabi/lib/armv7e-m/fpu/libg.a(lib_a-fini.o)
 .debug_ranges  0x0000000000000030       0x10 /usr/lib/gcc/arm-none-eabi/4.9.3/../../../arm-none-eabi/lib/armv7e-m/fpu/libg.a(lib_a-init.o)
 .debug_ranges  0x0000000000000040       0x18 /usr/lib/gcc/arm-none-eabi/4.9.3/../../../arm-none-eabi/lib/armv7e-m/fpu/libg.a(lib_a-malloc.o)
 .debug_ranges  0x0000000000000058       0x50 /usr/lib/gcc/arm-none-eabi/4.9.3/../../../arm-none-eabi/lib/armv7e-m/fpu/libg.a(lib_a-mallocr.o)
 .debug_ranges  0x00000000000000a8       0x10 /usr/lib/gcc/arm-none-eabi/4.9.3/../../../arm-none-eabi/lib/armv7e-m/fpu/libg.a(lib_a-memset.o)
 .debug_ranges  0x00000000000000b8       0x18 /usr/lib/gcc/arm-none-eabi/4.9.3/../../../arm-none-eabi/lib/armv7e-m/fpu/libg.a(lib_a-mlock.o)
 .debug_ranges  0x00000000000000d0       0x10 /usr/lib/gcc/arm-none-eabi/4.9.3/../../../arm-none-eabi/lib/armv7e-m/fpu/libg.a(lib_a-sbrkr.o)
 .debug_ranges  0x00000000000000e0       0x10 /usr/lib/gcc/arm-none-eabi/4.9.3/../../../arm-none-eabi/lib/armv7e-m/fpu/libg.a(lib_a-__atexit.o)
 .debug_ranges  0x00000000000000f0       0x30 /usr/lib/gcc/arm-none-eabi/4.9.3/../../../arm-none-eabi/lib/armv7e-m/fpu/libg.a(lib_a-__call_atexit.o)
 .debug_ranges  0x0000000000000120       0x18 /usr/lib/gcc/arm-none-eabi/4.9.3/../../../arm-none-eabi/lib/armv7e-m/fpu/libg.a(lib_a-freer.o)
 .debug_ranges  0x0000000000000138       0x18 /usr/lib/gcc/arm-none-eabi/4.9.3/../../../arm-none-eabi/lib/armv7e-m/fpu/libg.a(lib_a-reent.o)
 .debug_ranges  0x0000000000000150       0x10 /usr/lib/gcc/arm-none-eabi/4.9.3/../../../arm-none-eabi/lib/armv7e-m/fpu/libnosys.a(sbrk.o)
 .debug_ranges  0x0000000000000160       0x10 /usr/lib/gcc/arm-none-eabi/4.9.3/../../../arm-none-eabi/lib/armv7e-m/fpu/libnosys.a(_exit.o)
